This is pdfTeX, Version 3.141592653-2.6-1.40.29 (TeX Live 2026/Arch Linux) (preloaded format=pdflatex 2026.4.29)  14 JUN 2026 12:56
entering extended mode
 restricted \write18 enabled.
 %&-line parsing enabled.
**informe.tex
(./informe.tex
LaTeX2e <2025-11-01>
L3 programming layer <2026-01-19>
(/usr/share/texmf-dist/tex/latex/base/article.cls
Document Class: article 2025/01/22 v1.4n Standard LaTeX document class
(/usr/share/texmf-dist/tex/latex/base/size10.clo
File: size10.clo 2025/01/22 v1.4n Standard LaTeX file (size option)
)
\c@part=\count275
\c@section=\count276
\c@subsection=\count277
\c@subsubsection=\count278
\c@paragraph=\count279
\c@subparagraph=\count280
\c@figure=\count281
\c@table=\count282
\abovecaptionskip=\skip49
\belowcaptionskip=\skip50
\bibindent=\dimen148
)
(/usr/share/texmf-dist/tex/latex/base/inputenc.sty
Package: inputenc 2024/02/08 v1.3d Input encoding file
\inpenc@prehook=\toks17
\inpenc@posthook=\toks18
)
(/usr/share/texmf-dist/tex/latex/base/fontenc.sty
Package: fontenc 2025/07/18 v2.1d Standard LaTeX package
)
(/usr/share/texmf-dist/tex/generic/babel/babel.sty
Package: babel 2026/02/14 v26.3 The multilingual framework for LuaLaTeX, pdfLaT
eX and XeLaTeX
\babel@savecnt=\count283
LaTeX Encoding Info:    Redeclaring text command \ij (encoding OT1) on input li
ne 2078.
LaTeX Encoding Info:    Redeclaring text command \IJ (encoding OT1) on input li
ne 2080.
LaTeX Encoding Info:    Redeclaring text command \ij (encoding T1) on input lin
e 2082.
LaTeX Encoding Info:    Redeclaring text command \IJ (encoding T1) on input lin
e 2083.
LaTeX Encoding Info:    Ignoring declaration for text command \ij (encoding ?) 
on input line 2084.
LaTeX Encoding Info:    Ignoring declaration for text command \IJ (encoding ?) 
on input line 2086.
LaTeX Encoding Info:    Ignoring declaration for text command \SS (encoding ?) 
on input line 2111.
\U@D=\dimen149
\l@unhyphenated=\language91

(/usr/share/texmf-dist/tex/generic/babel/txtbabel.def)
\bbl@readstream=\read2
\bbl@dirlevel=\count284

(/usr/share/texmf-dist/tex/generic/babel/locale/es/babel-spanish.tex)
Package babel Info: Importing font and identification data for spanish
(babel)             from babel-es.ini. Reported on input line 4330.

(/usr/share/texmf-dist/tex/generic/babel-spanish/spanish.ldf
Language: spanish.ldf 2021/05/27 v5.0q Spanish support from the babel system
\es@quottoks=\toks19
\es@quotdepth=\count285
Package babel Info: Making " an active character on input line 570.
Package babel Info: Making . an active character on input line 675.
Package babel Info: Making < an active character on input line 722.
Package babel Info: Making > an active character on input line 722.
))
LaTeX Encoding Info:    Redeclaring text command \guillemotleft (encoding OT1) 
on input line 5.
LaTeX Encoding Info:    Redeclaring text command \guillemotright (encoding OT1)
 on input line 5.

(/usr/share/texmf-dist/tex/latex/graphics/graphicx.sty
Package: graphicx 2024/12/31 v1.2e Enhanced LaTeX Graphics (DPC,SPQR)

(/usr/share/texmf-dist/tex/latex/graphics/keyval.sty
Package: keyval 2022/05/29 v1.15 key=value parser (DPC)
\KV@toks@=\toks20
)
(/usr/share/texmf-dist/tex/latex/graphics/graphics.sty
Package: graphics 2024/08/06 v1.4g Standard LaTeX Graphics (DPC,SPQR)

(/usr/share/texmf-dist/tex/latex/graphics/trig.sty
Package: trig 2023/12/02 v1.11 sin cos tan (DPC)
)
(/usr/share/texmf-dist/tex/latex/graphics-cfg/graphics.cfg
File: graphics.cfg 2016/06/04 v1.11 sample graphics configuration
)
Package graphics Info: Driver file: pdftex.def on input line 106.

(/usr/share/texmf-dist/tex/latex/graphics-def/pdftex.def
File: pdftex.def 2025/09/29 v1.2d Graphics/color driver for pdftex
))
\Gin@req@height=\dimen150
\Gin@req@width=\dimen151
)
(/usr/share/texmf-dist/tex/latex/geometry/geometry.sty
Package: geometry 2020/01/02 v5.9 Page Geometry

(/usr/share/texmf-dist/tex/generic/iftex/ifvtex.sty
Package: ifvtex 2019/10/25 v1.7 ifvtex legacy package. Use iftex instead.

(/usr/share/texmf-dist/tex/generic/iftex/iftex.sty
Package: iftex 2024/12/12 v1.0g TeX engine tests
))
\Gm@cnth=\count286
\Gm@cntv=\count287
\c@Gm@tempcnt=\count288
\Gm@bindingoffset=\dimen152
\Gm@wd@mp=\dimen153
\Gm@odd@mp=\dimen154
\Gm@even@mp=\dimen155
\Gm@layoutwidth=\dimen156
\Gm@layoutheight=\dimen157
\Gm@layouthoffset=\dimen158
\Gm@layoutvoffset=\dimen159
\Gm@dimlist=\toks21
)
(/usr/share/texmf-dist/tex/latex/amsmath/amsmath.sty
Package: amsmath 2025/07/09 v2.17z AMS math features
\@mathmargin=\skip51

For additional information on amsmath, use the `?' option.
(/usr/share/texmf-dist/tex/latex/amsmath/amstext.sty
Package: amstext 2024/11/17 v2.01 AMS text

(/usr/share/texmf-dist/tex/latex/amsmath/amsgen.sty
File: amsgen.sty 1999/11/30 v2.0 generic functions
\@emptytoks=\toks22
\ex@=\dimen160
))
(/usr/share/texmf-dist/tex/latex/amsmath/amsbsy.sty
Package: amsbsy 1999/11/29 v1.2d Bold Symbols
\pmbraise@=\dimen161
)
(/usr/share/texmf-dist/tex/latex/amsmath/amsopn.sty
Package: amsopn 2022/04/08 v2.04 operator names
)
\inf@bad=\count289
LaTeX Info: Redefining \frac on input line 233.
\uproot@=\count290
\leftroot@=\count291
LaTeX Info: Redefining \overline on input line 398.
LaTeX Info: Redefining \colon on input line 409.
\classnum@=\count292
\DOTSCASE@=\count293
LaTeX Info: Redefining \ldots on input line 495.
LaTeX Info: Redefining \dots on input line 498.
LaTeX Info: Redefining \cdots on input line 619.
\Mathstrutbox@=\box53
\strutbox@=\box54
LaTeX Info: Redefining \big on input line 721.
LaTeX Info: Redefining \Big on input line 722.
LaTeX Info: Redefining \bigg on input line 723.
LaTeX Info: Redefining \Bigg on input line 724.
\big@size=\dimen162
LaTeX Font Info:    Redeclaring font encoding OML on input line 742.
LaTeX Font Info:    Redeclaring font encoding OMS on input line 743.
\macc@depth=\count294
LaTeX Info: Redefining \bmod on input line 904.
LaTeX Info: Redefining \pmod on input line 909.
LaTeX Info: Redefining \smash on input line 939.
LaTeX Info: Redefining \relbar on input line 969.
LaTeX Info: Redefining \Relbar on input line 970.
\c@MaxMatrixCols=\count295
\dotsspace@=\muskip17
\c@parentequation=\count296
\dspbrk@lvl=\count297
\tag@help=\toks23
\row@=\count298
\column@=\count299
\maxfields@=\count300
\andhelp@=\toks24
\eqnshift@=\dimen163
\alignsep@=\dimen164
\tagshift@=\dimen165
\tagwidth@=\dimen166
\totwidth@=\dimen167
\lineht@=\dimen168
\@envbody=\toks25
\multlinegap=\skip52
\multlinetaggap=\skip53
\mathdisplay@stack=\toks26
LaTeX Info: Redefining \[ on input line 2950.
LaTeX Info: Redefining \] on input line 2951.
)
(/usr/share/texmf-dist/tex/latex/tools/array.sty
Package: array 2025/09/25 v2.6n Tabular extension package (FMi)
\col@sep=\dimen169
\ar@mcellbox=\box55
\extrarowheight=\dimen170
\NC@list=\toks27
\extratabsurround=\skip54
\backup@length=\skip55
\ar@cellbox=\box56
)
(/usr/share/texmf-dist/tex/latex/l3backend/l3backend-pdftex.def
File: l3backend-pdftex.def 2025-10-09 L3 backend support: PDF output (pdfTeX)
\l__color_backend_stack_int=\count301
) (./informe.aux
LaTeX Info: Redefining \. on input line 8.
LaTeX Info: Redefining \% on input line 8.
Package babel Info: 'spanish' activates 'spanish' shorthands.
(babel)             Reported on input line 8.
)
\openout1 = `informe.aux'.

LaTeX Font Info:    Checking defaults for OML/cmm/m/it on input line 16.
LaTeX Font Info:    ... okay on input line 16.
LaTeX Font Info:    Checking defaults for OMS/cmsy/m/n on input line 16.
LaTeX Font Info:    ... okay on input line 16.
LaTeX Font Info:    Checking defaults for OT1/cmr/m/n on input line 16.
LaTeX Font Info:    ... okay on input line 16.
LaTeX Font Info:    Checking defaults for T1/cmr/m/n on input line 16.
LaTeX Font Info:    ... okay on input line 16.
LaTeX Font Info:    Checking defaults for TS1/cmr/m/n on input line 16.
LaTeX Font Info:    ... okay on input line 16.
LaTeX Font Info:    Checking defaults for OMX/cmex/m/n on input line 16.
LaTeX Font Info:    ... okay on input line 16.
LaTeX Font Info:    Checking defaults for U/cmr/m/n on input line 16.
LaTeX Font Info:    ... okay on input line 16.
LaTeX Info: Redefining \. on input line 16.
LaTeX Info: Redefining \% on input line 16.
 (/usr/share/texmf-dist/tex/context/base/mkii/supp-pdf.mkii
[Loading MPS to PDF converter (version 2006.09.02).]
\scratchcounter=\count302
\scratchdimen=\dimen171
\scratchbox=\box57
\nofMPsegments=\count303
\nofMParguments=\count304
\everyMPshowfont=\toks28
\MPscratchCnt=\count305
\MPscratchDim=\dimen172
\MPnumerator=\count306
\makeMPintoPDFobject=\count307
\everyMPtoPDFconversion=\toks29
) (/usr/share/texmf-dist/tex/latex/epstopdf-pkg/epstopdf-base.sty
Package: epstopdf-base 2020-01-24 v2.11 Base part for package epstopdf
Package epstopdf-base Info: Redefining graphics rule for `.eps' on input line 4
85.

(/usr/share/texmf-dist/tex/latex/latexconfig/epstopdf-sys.cfg
File: epstopdf-sys.cfg 2010/07/13 v1.3 Configuration of (r)epstopdf for TeX Liv
e
))
*geometry* driver: auto-detecting
*geometry* detected driver: pdftex
*geometry* verbose mode - [ preamble ] result:
* driver: pdftex
* paper: a4paper
* layout: <same size as paper>
* layoutoffset:(h,v)=(0.0pt,0.0pt)
* modes: 
* h-part:(L,W,R)=(71.13188pt, 455.24411pt, 71.13188pt)
* v-part:(T,H,B)=(71.13188pt, 702.78308pt, 71.13188pt)
* \paperwidth=597.50787pt
* \paperheight=845.04684pt
* \textwidth=455.24411pt
* \textheight=702.78308pt
* \oddsidemargin=-1.1381pt
* \evensidemargin=-1.1381pt
* \topmargin=-38.1381pt
* \headheight=12.0pt
* \headsep=25.0pt
* \topskip=10.0pt
* \footskip=30.0pt
* \marginparwidth=57.0pt
* \marginparsep=11.0pt
* \columnsep=10.0pt
* \skip\footins=9.0pt plus 4.0pt minus 2.0pt
* \hoffset=0.0pt
* \voffset=0.0pt
* \mag=1000
* \@twocolumnfalse
* \@twosidefalse
* \@mparswitchfalse
* \@reversemarginfalse
* (1in=72.27pt=25.4mm, 1cm=28.453pt)

[1

{/var/lib/texmf/fonts/map/pdftex/updmap/pdftex.map}]
<plots/calibracion_verificacion.png, id=18, 2007.5pt x 1204.5pt>
File: plots/calibracion_verificacion.png Graphic file (type png)
<use plots/calibracion_verificacion.png>
Package pdftex.def Info: plots/calibracion_verificacion.png  used on input line
 143.
(pdftex.def)             Requested size: 455.24411pt x 273.13278pt.


LaTeX Warning: `!h' float specifier changed to `!ht'.

<plots/fondo_rege_full.png, id=19, 1806.75pt x 1003.75pt>
File: plots/fondo_rege_full.png Graphic file (type png)
<use plots/fondo_rege_full.png>
Package pdftex.def Info: plots/fondo_rege_full.png  used on input line 174.
(pdftex.def)             Requested size: 455.24411pt x 252.91264pt.

LaTeX Warning: `!h' float specifier changed to `!ht'.

<plots/fondo_rege_energy.png, id=20, 1806.75pt x 1003.75pt>
File: plots/fondo_rege_energy.png Graphic file (type png)
<use plots/fondo_rege_energy.png>
Package pdftex.def Info: plots/fondo_rege_energy.png  used on input line 182.
(pdftex.def)             Requested size: 455.24411pt x 252.91264pt.

LaTeX Warning: `!h' float specifier changed to `!ht'.

[2] [3 <./plots/calibracion_verificacion.png> <./plots/fondo_rege_full.png>]
<plots/k40_rege_fit.png, id=28, 1405.25pt x 853.1875pt>
File: plots/k40_rege_fit.png Graphic file (type png)
<use plots/k40_rege_fit.png>
Package pdftex.def Info: plots/k40_rege_fit.png  used on input line 208.
(pdftex.def)             Requested size: 455.24411pt x 276.39738pt.


LaTeX Warning: `!h' float specifier changed to `!ht'.

<plots/fondo_rege_k40_region.png, id=29, 1405.25pt x 702.625pt>
File: plots/fondo_rege_k40_region.png Graphic file (type png)
<use plots/fondo_rege_k40_region.png>
Package pdftex.def Info: plots/fondo_rege_k40_region.png  used on input line 21
5.
(pdftex.def)             Requested size: 455.24411pt x 227.62137pt.

LaTeX Warning: `!h' float specifier changed to `!ht'.

[4 <./plots/fondo_rege_energy.png>] [5 <./plots/k40_rege_fit.png> <./plots/fond
o_rege_k40_region.png>]
<plots/nal_ann_fit.png, id=36, 1204.5pt x 702.625pt>
File: plots/nal_ann_fit.png Graphic file (type png)
<use plots/nal_ann_fit.png>
Package pdftex.def Info: plots/nal_ann_fit.png  used on input line 292.
(pdftex.def)             Requested size: 386.96027pt x 225.72372pt.


LaTeX Warning: `!h' float specifier changed to `!ht'.

<plots/nal_k40_fit.png, id=37, 1405.25pt x 853.1875pt>
File: plots/nal_k40_fit.png Graphic file (type png)
<use plots/nal_k40_fit.png>
Package pdftex.def Info: plots/nal_k40_fit.png  used on input line 315.
(pdftex.def)             Requested size: 455.24411pt x 276.39738pt.

LaTeX Warning: `!h' float specifier changed to `!ht'.

[6] [7 <./plots/nal_ann_fit.png> <./plots/nal_k40_fit.png>]
<plots/nal_calibracion.png, id=47, 2007.5pt x 1204.5pt>
File: plots/nal_calibracion.png Graphic file (type png)
<use plots/nal_calibracion.png>
Package pdftex.def Info: plots/nal_calibracion.png  used on input line 364.
(pdftex.def)             Requested size: 455.24411pt x 273.13278pt.
 [8 <./plots/nal_calibracion.png>]
<plots/nal_full.png, id=51, 1806.75pt x 1003.75pt>
File: plots/nal_full.png Graphic file (type png)
<use plots/nal_full.png>
Package pdftex.def Info: plots/nal_full.png  used on input line 410.
(pdftex.def)             Requested size: 455.24411pt x 252.91264pt.
<plots/nal_energy.png, id=52, 1806.75pt x 1003.75pt>
File: plots/nal_energy.png Graphic file (type png)
<use plots/nal_energy.png>
Package pdftex.def Info: plots/nal_energy.png  used on input line 418.
(pdftex.def)             Requested size: 455.24411pt x 252.91264pt.


LaTeX Warning: `!h' float specifier changed to `!ht'.

<plots/nal_k40_region.png, id=53, 1405.25pt x 702.625pt>
File: plots/nal_k40_region.png Graphic file (type png)
<use plots/nal_k40_region.png>
Package pdftex.def Info: plots/nal_k40_region.png  used on input line 439.
(pdftex.def)             Requested size: 455.24411pt x 227.62137pt.

LaTeX Warning: `!h' float specifier changed to `!ht'.

[9 <./plots/nal_full.png>] [10 <./plots/nal_energy.png> <./plots/nal_k40_region
.png>] (./informe.aux
LaTeX Info: Redefining \. on input line 8.
LaTeX Info: Redefining \% on input line 8.
)
 ***********
LaTeX2e <2025-11-01>
L3 programming layer <2026-01-19>
 ***********
 ) 
Here is how much of TeX's memory you used:
 4509 strings out of 467525
 70015 string characters out of 5425861
 505417 words of memory out of 5000000
 33394 multiletter control sequences out of 15000+600000
 641097 words of font info for 72 fonts, out of 8000000 for 9000
 1141 hyphenation exceptions out of 8191
 57i,11n,65p,417b,365s stack positions out of 10000i,1000n,20000p,200000b,200000s
 </home/comoving/.texlive/texmf-var/fonts/pk/ljfour/jknappen/ec/ecbx1000.600p
k> </home/comoving/.texlive/texmf-var/fonts/pk/ljfour/jknappen/ec/ecrm0700.600p
k> </home/comoving/.texlive/texmf-var/fonts/pk/ljfour/jknappen/ec/ecbx1200.600p
k> </home/comoving/.texlive/texmf-var/fonts/pk/ljfour/jknappen/ec/ectt1000.600p
k> </home/comoving/.texlive/texmf-var/fonts/pk/ljfour/jknappen/ec/ecrm1000.600p
k> </home/comoving/.texlive/texmf-var/fonts/pk/ljfour/jknappen/ec/ecbx1440.600p
k> </home/comoving/.texlive/texmf-var/fonts/pk/ljfour/jknappen/ec/ecrm1200.600p
k> </home/comoving/.texlive/texmf-var/fonts/pk/ljfour/jknappen/ec/ecrm1728.600p
k></usr/share/texmf-dist/fonts/type1/public/amsfonts/cm/cmmi10.pfb></usr/share/
texmf-dist/fonts/type1/public/amsfonts/cm/cmmi7.pfb></usr/share/texmf-dist/font
s/type1/public/amsfonts/cm/cmr10.pfb></usr/share/texmf-dist/fonts/type1/public/
amsfonts/cm/cmr12.pfb></usr/share/texmf-dist/fonts/type1/public/amsfonts/cm/cmr
7.pfb></usr/share/texmf-dist/fonts/type1/public/amsfonts/cm/cmr8.pfb></usr/shar
e/texmf-dist/fonts/type1/public/amsfonts/cm/cmsy10.pfb></usr/share/texmf-dist/f
onts/type1/public/amsfonts/cm/cmsy7.pfb>
Output written on informe.pdf (10 pages, 1085464 bytes).
PDF statistics:
 378 PDF objects out of 1000 (max. 8388607)
 80 compressed objects within 1 object stream
 0 named destinations out of 1000 (max. 500000)
 56 words of extra memory for PDF output out of 10000 (max. 10000000)

