This is pdfTeX, Version 3.141592653-2.6-1.40.29 (TeX Live 2026/Arch Linux) (preloaded format=pdflatex 2026.4.29)  12 JUN 2026 16:00
entering extended mode
 restricted \write18 enabled.
 %&-line parsing enabled.
**informe_coincidencias.tex
(./informe_coincidencias.tex
LaTeX2e <2025-11-01>
L3 programming layer <2026-01-19>
(/usr/share/texmf-dist/tex/latex/base/article.cls
Document Class: article 2025/01/22 v1.4n Standard LaTeX document class
(/usr/share/texmf-dist/tex/latex/base/size12.clo
File: size12.clo 2025/01/22 v1.4n Standard LaTeX file (size option)
)
\c@part=\count275
\c@section=\count276
\c@subsection=\count277
\c@subsubsection=\count278
\c@paragraph=\count279
\c@subparagraph=\count280
\c@figure=\count281
\c@table=\count282
\abovecaptionskip=\skip49
\belowcaptionskip=\skip50
\bibindent=\dimen148
)
(/usr/share/texmf-dist/tex/latex/base/inputenc.sty
Package: inputenc 2024/02/08 v1.3d Input encoding file
\inpenc@prehook=\toks17
\inpenc@posthook=\toks18
)
(/usr/share/texmf-dist/tex/latex/base/fontenc.sty
Package: fontenc 2025/07/18 v2.1d Standard LaTeX package
)
(/usr/share/texmf-dist/tex/generic/babel/babel.sty
Package: babel 2026/02/14 v26.3 The multilingual framework for LuaLaTeX, pdfLaT
eX and XeLaTeX
\babel@savecnt=\count283
LaTeX Encoding Info:    Redeclaring text command \ij (encoding OT1) on input li
ne 2078.
LaTeX Encoding Info:    Redeclaring text command \IJ (encoding OT1) on input li
ne 2080.
LaTeX Encoding Info:    Redeclaring text command \ij (encoding T1) on input lin
e 2082.
LaTeX Encoding Info:    Redeclaring text command \IJ (encoding T1) on input lin
e 2083.
LaTeX Encoding Info:    Ignoring declaration for text command \ij (encoding ?) 
on input line 2084.
LaTeX Encoding Info:    Ignoring declaration for text command \IJ (encoding ?) 
on input line 2086.
LaTeX Encoding Info:    Ignoring declaration for text command \SS (encoding ?) 
on input line 2111.
\U@D=\dimen149
\l@unhyphenated=\language91

(/usr/share/texmf-dist/tex/generic/babel/txtbabel.def)
\bbl@readstream=\read2
\bbl@dirlevel=\count284

(/usr/share/texmf-dist/tex/generic/babel/locale/es/babel-spanish.tex)
Package babel Info: Importing font and identification data for spanish
(babel)             from babel-es.ini. Reported on input line 4330.

(/usr/share/texmf-dist/tex/generic/babel-spanish/spanish.ldf
Language: spanish.ldf 2021/05/27 v5.0q Spanish support from the babel system
\es@quottoks=\toks19
\es@quotdepth=\count285
Package babel Info: Making " an active character on input line 570.
Package babel Info: Making . an active character on input line 675.
Package babel Info: Making < an active character on input line 722.
Package babel Info: Making > an active character on input line 722.
))
LaTeX Encoding Info:    Redeclaring text command \guillemotleft (encoding OT1) 
on input line 6.
LaTeX Encoding Info:    Redeclaring text command \guillemotright (encoding OT1)
 on input line 6.

(/usr/share/texmf-dist/tex/latex/amsmath/amsmath.sty
Package: amsmath 2025/07/09 v2.17z AMS math features
\@mathmargin=\skip51

For additional information on amsmath, use the `?' option.
(/usr/share/texmf-dist/tex/latex/amsmath/amstext.sty
Package: amstext 2024/11/17 v2.01 AMS text

(/usr/share/texmf-dist/tex/latex/amsmath/amsgen.sty
File: amsgen.sty 1999/11/30 v2.0 generic functions
\@emptytoks=\toks20
\ex@=\dimen150
))
(/usr/share/texmf-dist/tex/latex/amsmath/amsbsy.sty
Package: amsbsy 1999/11/29 v1.2d Bold Symbols
\pmbraise@=\dimen151
)
(/usr/share/texmf-dist/tex/latex/amsmath/amsopn.sty
Package: amsopn 2022/04/08 v2.04 operator names
)
\inf@bad=\count286
LaTeX Info: Redefining \frac on input line 233.
\uproot@=\count287
\leftroot@=\count288
LaTeX Info: Redefining \overline on input line 398.
LaTeX Info: Redefining \colon on input line 409.
\classnum@=\count289
\DOTSCASE@=\count290
LaTeX Info: Redefining \ldots on input line 495.
LaTeX Info: Redefining \dots on input line 498.
LaTeX Info: Redefining \cdots on input line 619.
\Mathstrutbox@=\box53
\strutbox@=\box54
LaTeX Info: Redefining \big on input line 721.
LaTeX Info: Redefining \Big on input line 722.
LaTeX Info: Redefining \bigg on input line 723.
LaTeX Info: Redefining \Bigg on input line 724.
\big@size=\dimen152
LaTeX Font Info:    Redeclaring font encoding OML on input line 742.
LaTeX Font Info:    Redeclaring font encoding OMS on input line 743.
\macc@depth=\count291
LaTeX Info: Redefining \bmod on input line 904.
LaTeX Info: Redefining \pmod on input line 909.
LaTeX Info: Redefining \smash on input line 939.
LaTeX Info: Redefining \relbar on input line 969.
LaTeX Info: Redefining \Relbar on input line 970.
\c@MaxMatrixCols=\count292
\dotsspace@=\muskip17
\c@parentequation=\count293
\dspbrk@lvl=\count294
\tag@help=\toks21
\row@=\count295
\column@=\count296
\maxfields@=\count297
\andhelp@=\toks22
\eqnshift@=\dimen153
\alignsep@=\dimen154
\tagshift@=\dimen155
\tagwidth@=\dimen156
\totwidth@=\dimen157
\lineht@=\dimen158
\@envbody=\toks23
\multlinegap=\skip52
\multlinetaggap=\skip53
\mathdisplay@stack=\toks24
LaTeX Info: Redefining \[ on input line 2950.
LaTeX Info: Redefining \] on input line 2951.
)
(/usr/share/texmf-dist/tex/latex/amsfonts/amssymb.sty
Package: amssymb 2013/01/14 v3.01 AMS font symbols

(/usr/share/texmf-dist/tex/latex/amsfonts/amsfonts.sty
Package: amsfonts 2013/01/14 v3.01 Basic AMSFonts support
\symAMSa=\mathgroup4
\symAMSb=\mathgroup5
LaTeX Font Info:    Redeclaring math symbol \hbar on input line 98.
LaTeX Font Info:    Overwriting math alphabet `\mathfrak' in version `bold'
(Font)                  U/euf/m/n --> U/euf/b/n on input line 106.
))
(/usr/share/texmf-dist/tex/latex/graphics/graphicx.sty
Package: graphicx 2024/12/31 v1.2e Enhanced LaTeX Graphics (DPC,SPQR)

(/usr/share/texmf-dist/tex/latex/graphics/keyval.sty
Package: keyval 2022/05/29 v1.15 key=value parser (DPC)
\KV@toks@=\toks25
)
(/usr/share/texmf-dist/tex/latex/graphics/graphics.sty
Package: graphics 2024/08/06 v1.4g Standard LaTeX Graphics (DPC,SPQR)

(/usr/share/texmf-dist/tex/latex/graphics/trig.sty
Package: trig 2023/12/02 v1.11 sin cos tan (DPC)
)
(/usr/share/texmf-dist/tex/latex/graphics-cfg/graphics.cfg
File: graphics.cfg 2016/06/04 v1.11 sample graphics configuration
)
Package graphics Info: Driver file: pdftex.def on input line 106.

(/usr/share/texmf-dist/tex/latex/graphics-def/pdftex.def
File: pdftex.def 2025/09/29 v1.2d Graphics/color driver for pdftex
))
\Gin@req@height=\dimen159
\Gin@req@width=\dimen160
)
(/usr/share/texmf-dist/tex/latex/tools/array.sty
Package: array 2025/09/25 v2.6n Tabular extension package (FMi)
\col@sep=\dimen161
\ar@mcellbox=\box55
\extrarowheight=\dimen162
\NC@list=\toks26
\extratabsurround=\skip54
\backup@length=\skip55
\ar@cellbox=\box56
)
(/usr/share/texmf-dist/tex/latex/geometry/geometry.sty
Package: geometry 2020/01/02 v5.9 Page Geometry

(/usr/share/texmf-dist/tex/generic/iftex/ifvtex.sty
Package: ifvtex 2019/10/25 v1.7 ifvtex legacy package. Use iftex instead.

(/usr/share/texmf-dist/tex/generic/iftex/iftex.sty
Package: iftex 2024/12/12 v1.0g TeX engine tests
))
\Gm@cnth=\count298
\Gm@cntv=\count299
\c@Gm@tempcnt=\count300
\Gm@bindingoffset=\dimen163
\Gm@wd@mp=\dimen164
\Gm@odd@mp=\dimen165
\Gm@even@mp=\dimen166
\Gm@layoutwidth=\dimen167
\Gm@layoutheight=\dimen168
\Gm@layouthoffset=\dimen169
\Gm@layoutvoffset=\dimen170
\Gm@dimlist=\toks27
)
(/usr/share/texmf-dist/tex/latex/l3backend/l3backend-pdftex.def
File: l3backend-pdftex.def 2025-10-09 L3 backend support: PDF output (pdfTeX)
\l__color_backend_stack_int=\count301
)
(./informe_coincidencias.aux
LaTeX Info: Redefining \. on input line 8.
LaTeX Info: Redefining \% on input line 8.
Package babel Info: 'spanish' activates 'spanish' shorthands.
(babel)             Reported on input line 8.
)
\openout1 = `informe_coincidencias.aux'.

LaTeX Font Info:    Checking defaults for OML/cmm/m/it on input line 21.
LaTeX Font Info:    ... okay on input line 21.
LaTeX Font Info:    Checking defaults for OMS/cmsy/m/n on input line 21.
LaTeX Font Info:    ... okay on input line 21.
LaTeX Font Info:    Checking defaults for OT1/cmr/m/n on input line 21.
LaTeX Font Info:    ... okay on input line 21.
LaTeX Font Info:    Checking defaults for T1/cmr/m/n on input line 21.
LaTeX Font Info:    ... okay on input line 21.
LaTeX Font Info:    Checking defaults for TS1/cmr/m/n on input line 21.
LaTeX Font Info:    ... okay on input line 21.
LaTeX Font Info:    Checking defaults for OMX/cmex/m/n on input line 21.
LaTeX Font Info:    ... okay on input line 21.
LaTeX Font Info:    Checking defaults for U/cmr/m/n on input line 21.
LaTeX Font Info:    ... okay on input line 21.
LaTeX Info: Redefining \. on input line 21.
LaTeX Info: Redefining \% on input line 21.

(/usr/share/texmf-dist/tex/context/base/mkii/supp-pdf.mkii
[Loading MPS to PDF converter (version 2006.09.02).]
\scratchcounter=\count302
\scratchdimen=\dimen171
\scratchbox=\box57
\nofMPsegments=\count303
\nofMParguments=\count304
\everyMPshowfont=\toks28
\MPscratchCnt=\count305
\MPscratchDim=\dimen172
\MPnumerator=\count306
\makeMPintoPDFobject=\count307
\everyMPtoPDFconversion=\toks29
) (/usr/share/texmf-dist/tex/latex/epstopdf-pkg/epstopdf-base.sty
Package: epstopdf-base 2020-01-24 v2.11 Base part for package epstopdf
Package epstopdf-base Info: Redefining graphics rule for `.eps' on input line 4
85.

(/usr/share/texmf-dist/tex/latex/latexconfig/epstopdf-sys.cfg
File: epstopdf-sys.cfg 2010/07/13 v1.3 Configuration of (r)epstopdf for TeX Liv
e
))
*geometry* driver: auto-detecting
*geometry* detected driver: pdftex
*geometry* verbose mode - [ preamble ] result:
* driver: pdftex
* paper: a4paper
* layout: <same size as paper>
* layoutoffset:(h,v)=(0.0pt,0.0pt)
* modes: 
* h-part:(L,W,R)=(71.13188pt, 455.24411pt, 71.13188pt)
* v-part:(T,H,B)=(71.13188pt, 702.78308pt, 71.13188pt)
* \paperwidth=597.50787pt
* \paperheight=845.04684pt
* \textwidth=455.24411pt
* \textheight=702.78308pt
* \oddsidemargin=-1.1381pt
* \evensidemargin=-1.1381pt
* \topmargin=-38.1381pt
* \headheight=12.0pt
* \headsep=25.0pt
* \topskip=12.0pt
* \footskip=30.0pt
* \marginparwidth=35.0pt
* \marginparsep=10.0pt
* \columnsep=10.0pt
* \skip\footins=10.8pt plus 4.0pt minus 2.0pt
* \hoffset=0.0pt
* \voffset=0.0pt
* \mag=1000
* \@twocolumnfalse
* \@twosidefalse
* \@mparswitchfalse
* \@reversemarginfalse
* (1in=72.27pt=25.4mm, 1cm=28.453pt)

LaTeX Font Info:    Trying to load font information for U+msa on input line 22.

(/usr/share/texmf-dist/tex/latex/amsfonts/umsa.fd
File: umsa.fd 2013/01/14 v3.01 AMS symbols A
)
LaTeX Font Info:    Trying to load font information for U+msb on input line 22.


(/usr/share/texmf-dist/tex/latex/amsfonts/umsb.fd
File: umsb.fd 2013/01/14 v3.01 AMS symbols B
) [1

{/var/lib/texmf/fonts/map/pdftex/updmap/pdftex.map}] [2] [3]
<../graficos/22Na_157_completo.png, id=29, 722.7pt x 361.35pt>
File: ../graficos/22Na_157_completo.png Graphic file (type png)
<use ../graficos/22Na_157_completo.png>
Package pdftex.def Info: ../graficos/22Na_157_completo.png  used on input line 
188.
(pdftex.def)             Requested size: 455.24411pt x 227.62413pt.
<../graficos/22Na_157_pico_511_1274.png, id=31, 722.7pt x 505.89pt>
File: ../graficos/22Na_157_pico_511_1274.png Graphic file (type png)
<use ../graficos/22Na_157_pico_511_1274.png>
Package pdftex.def Info: ../graficos/22Na_157_pico_511_1274.png  used on input 
line 201.
(pdftex.def)             Requested size: 386.96027pt x 270.87619pt.
<../graficos/22Na_157_pico_1274.png, id=32, 722.7pt x 505.89pt>
File: ../graficos/22Na_157_pico_1274.png Graphic file (type png)
<use ../graficos/22Na_157_pico_1274.png>
Package pdftex.def Info: ../graficos/22Na_157_pico_1274.png  used on input line
 227.
(pdftex.def)             Requested size: 386.96027pt x 270.87619pt.
 [4 <../graficos/22Na_157_completo.png>]
[5 <../graficos/22Na_157_pico_511_1274.png>]
<../graficos/22Na_180_completo.png, id=42, 722.7pt x 361.35pt>
File: ../graficos/22Na_180_completo.png Graphic file (type png)
<use ../graficos/22Na_180_completo.png>
Package pdftex.def Info: ../graficos/22Na_180_completo.png  used on input line 
282.
(pdftex.def)             Requested size: 455.24411pt x 227.62413pt.
<../graficos/22Na_180_pico_511_511.png, id=43, 722.7pt x 505.89pt>
File: ../graficos/22Na_180_pico_511_511.png Graphic file (type png)
<use ../graficos/22Na_180_pico_511_511.png>
Package pdftex.def Info: ../graficos/22Na_180_pico_511_511.png  used on input l
ine 295.
(pdftex.def)             Requested size: 386.96027pt x 270.87619pt.
 [6 <../graficos/22Na_157_pico_1274.png>]
<../graficos/22Na_comparacion.png, id=48, 722.7pt x 505.89pt>
File: ../graficos/22Na_comparacion.png Graphic file (type png)
<use ../graficos/22Na_comparacion.png>
Package pdftex.def Info: ../graficos/22Na_comparacion.png  used on input line 3
36.
(pdftex.def)             Requested size: 386.96027pt x 270.87619pt.
 [7 <../graficos/22Na_180_completo.png>] [8 <../graficos/22Na_180_pico_511_511.
png> <../graficos/22Na_comparacion.png>]
<../graficos/CoF_vs_FF.png, id=59, 722.7pt x 505.89pt>
File: ../graficos/CoF_vs_FF.png Graphic file (type png)
<use ../graficos/CoF_vs_FF.png>
Package pdftex.def Info: ../graficos/CoF_vs_FF.png  used on input line 354.
(pdftex.def)             Requested size: 386.96027pt x 270.87619pt.
 [9 <../graficos/CoF_vs_FF.png>]
<../graficos/Co60_caracterizacion_completo.png, id=64, 867.24pt x 578.16pt>
File: ../graficos/Co60_caracterizacion_completo.png Graphic file (type png)
<use ../graficos/Co60_caracterizacion_completo.png>
Package pdftex.def Info: ../graficos/Co60_caracterizacion_completo.png  used on
 input line 425.
(pdftex.def)             Requested size: 455.24411pt x 303.49443pt.
<../graficos/Co60_picos_caracterizacion.png, id=65, 1156.32pt x 361.35pt>
File: ../graficos/Co60_picos_caracterizacion.png Graphic file (type png)
<use ../graficos/Co60_picos_caracterizacion.png>
Package pdftex.def Info: ../graficos/Co60_picos_caracterizacion.png  used on in
put line 451.
(pdftex.def)             Requested size: 455.24411pt x 142.26025pt.
<../graficos/Co60_calibrado.png, id=66, 867.24pt x 361.35pt>
File: ../graficos/Co60_calibrado.png Graphic file (type png)
<use ../graficos/Co60_calibrado.png>
Package pdftex.def Info: ../graficos/Co60_calibrado.png  used on input line 463
.
(pdftex.def)             Requested size: 386.96027pt x 161.23306pt.

[10] [11 <../graficos/Co60_caracterizacion_completo.png> <../graficos/Co60_pico
s_caracterizacion.png>] [12 <../graficos/Co60_calibrado.png>] [13] [14]
(./informe_coincidencias.aux
LaTeX Info: Redefining \. on input line 8.
LaTeX Info: Redefining \% on input line 8.
)
 ***********
LaTeX2e <2025-11-01>
L3 programming layer <2026-01-19>
 ***********


LaTeX Warning: Label(s) may have changed. Rerun to get cross-references right.

 ) 
Here is how much of TeX's memory you used:
 5045 strings out of 467525
 76912 string characters out of 5425861
 502388 words of memory out of 5000000
 33906 multiletter control sequences out of 15000+600000
 647635 words of font info for 93 fonts, out of 8000000 for 9000
 1141 hyphenation exceptions out of 8191
 57i,13n,65p,345b,365s stack positions out of 10000i,1000n,20000p,200000b,200000s
 </home/comoving/.texlive/texmf-var/fonts/pk/ljfour/jknappen/ec/ecit1095.600p
k> </home/comoving/.texlive/texmf-var/fonts/pk/ljfour/jknappen/ec/ecti1095.600p
k> </home/comoving/.texlive/texmf-var/fonts/pk/ljfour/jknappen/ec/ecbx1200.600p
k> </home/comoving/.texlive/texmf-var/fonts/pk/ljfour/jknappen/ec/ecbx1440.600p
k> </home/comoving/.texlive/texmf-var/fonts/pk/ljfour/jknappen/ec/ecrm0800.600p
k> </home/comoving/.texlive/texmf-var/fonts/pk/ljfour/jknappen/ec/ectt1200.600p
k> </home/comoving/.texlive/texmf-var/fonts/pk/ljfour/jknappen/ec/ecrm1200.600p
k> </home/comoving/.texlive/texmf-var/fonts/pk/ljfour/jknappen/ec/ecbx1728.600p
k> </home/comoving/.texlive/texmf-var/fonts/pk/ljfour/jknappen/ec/ecti1200.600p
k> </home/comoving/.texlive/texmf-var/fonts/pk/ljfour/jknappen/ec/ecrm1440.600p
k> </home/comoving/.texlive/texmf-var/fonts/pk/ljfour/jknappen/ec/ecbx2074.600p
k></usr/share/texmf-dist/fonts/type1/public/amsfonts/cm/cmex10.pfb></usr/share/
texmf-dist/fonts/type1/public/amsfonts/cm/cmmi12.pfb></usr/share/texmf-dist/fon
ts/type1/public/amsfonts/cm/cmmi8.pfb></usr/share/texmf-dist/fonts/type1/public
/amsfonts/cm/cmr10.pfb></usr/share/texmf-dist/fonts/type1/public/amsfonts/cm/cm
r12.pfb></usr/share/texmf-dist/fonts/type1/public/amsfonts/cm/cmr6.pfb></usr/sh
are/texmf-dist/fonts/type1/public/amsfonts/cm/cmr8.pfb></usr/share/texmf-dist/f
onts/type1/public/amsfonts/cm/cmsy10.pfb></usr/share/texmf-dist/fonts/type1/pub
lic/amsfonts/cm/cmsy8.pfb>
Output written on informe_coincidencias.pdf (14 pages, 935086 bytes).
PDF statistics:
 535 PDF objects out of 1000 (max. 8388607)
 105 compressed objects within 2 object streams
 0 named destinations out of 1000 (max. 500000)
 51 words of extra memory for PDF output out of 10000 (max. 10000000)

