\BOOKMARK [1][-]{section.2}{\376\377\000I\000n\000t\000r\000o\000d\000u\000c\000c\000i\000\363\000n}{}% 1
\BOOKMARK [1][-]{section.3}{\376\377\000C\000o\000n\000f\000i\000g\000u\000r\000a\000c\000i\000\363\000n\000\040\000e\000x\000p\000e\000r\000i\000m\000e\000n\000t\000a\000l}{}% 2
\BOOKMARK [1][-]{section.4}{\376\377\000M\000e\000t\000o\000d\000o\000l\000o\000g\000\341\000\040\000d\000e\000\040\000a\000n\000\341\000l\000i\000s\000i\000s}{}% 3
\BOOKMARK [2][-]{subsection.4.1}{\376\377\000A\000j\000u\000s\000t\000e\000\040\000d\000e\000\040\000p\000i\000c\000o\000s\000\040\000m\000e\000d\000i\000a\000n\000t\000e\000\040\000t\000r\000a\000n\000s\000f\000o\000r\000m\000a\000c\000i\000\363\000n\000\040\000l\000o\000g\000a\000r\000t\003\001\000m\000i\000c\000a}{section.4}% 4
\BOOKMARK [2][-]{subsection.4.2}{\376\377\000C\000o\000i\000n\000c\000i\000d\000e\000n\000c\000i\000a\000s\000\040\000r\000e\000a\000l\000e\000s\000\040\000v\000s\000.\000\040\000a\000c\000c\000i\000d\000e\000n\000t\000a\000l\000e\000s}{section.4}% 5
\BOOKMARK [2][-]{subsection.4.3}{\376\377\000A\000n\000\341\000l\000i\000s\000i\000s\000\040\000d\000e\000\040\000f\000o\000n\000d\000o}{section.4}% 6
\BOOKMARK [1][-]{section.5}{\376\377\000R\000e\000s\000u\000l\000t\000a\000d\000o\000s}{}% 7
\BOOKMARK [2][-]{subsection.5.1}{\376\377\000E\000s\000p\000e\000c\000t\000r\000o\000\040\000c\000o\000m\000p\000l\000e\000t\000o\000\040\000d\000e\000\040\0002\0002\000N\000a\000\040\000a\000\040\0001\0005\0007}{section.5}% 8
\BOOKMARK [3][-]{subsubsection.5.1.1}{\376\377\000P\000i\000c\000o\000\040\000d\000e\000\040\0005\0001\0001\000k\000e\000V\000\040\000\050\000c\000a\000n\000a\000l\000\040\0007\0008\000\051}{subsection.5.1}% 9
\BOOKMARK [3][-]{subsubsection.5.1.2}{\376\377\000P\000i\000c\000o\000\040\000d\000e\000\040\0001\0002\0007\0004\000k\000e\000V\000\040\000\050\000c\000a\000n\000a\000l\000\040\0001\0009\0006\000\051}{subsection.5.1}% 10
\BOOKMARK [2][-]{subsection.5.2}{\376\377\000C\000o\000i\000n\000c\000i\000d\000e\000n\000c\000i\000a\000s\000\040\000a\000\040\0001\0005\0007\000:\000\040\000r\000e\000a\000l\000e\000s\000\040\000v\000s\000.\000\040\000a\000c\000c\000i\000d\000e\000n\000t\000a\000l\000e\000s}{section.5}% 11
\BOOKMARK [2][-]{subsection.5.3}{\376\377\000E\000s\000p\000e\000c\000t\000r\000o\000\040\000d\000e\000\040\0002\0002\000N\000a\000\040\000a\000\040\0001\0008\0000}{section.5}% 12
\BOOKMARK [3][-]{subsubsection.5.3.1}{\376\377\000P\000i\000c\000o\000\040\000d\000e\000\040\0005\0001\0001\000k\000e\000V\000\040\000\050\0005\0001\0001\000+\0005\0001\0001\000\051\000\040\000a\000\040\0001\0008\0000}{subsection.5.3}% 13
\BOOKMARK [2][-]{subsection.5.4}{\376\377\000R\000e\000l\000a\000c\000i\000\363\000n\000\040\000d\000e\000\040\000c\000o\000i\000n\000c\000i\000d\000e\000n\000c\000i\000a\000s\000\040\000a\000c\000c\000i\000d\000e\000n\000t\000a\000l\000e\000s}{section.5}% 14
\BOOKMARK [2][-]{subsection.5.5}{\376\377\000C\000o\000m\000p\000a\000r\000a\000c\000i\000\363\000n\000\040\000e\000n\000t\000r\000e\000\040\000\341\000n\000g\000u\000l\000o\000s}{section.5}% 15
\BOOKMARK [1][-]{section.6}{\376\377\000A\000n\000\341\000l\000i\000s\000i\000s\000\040\000d\000e\000l\000\040\000f\000o\000n\000d\000o}{}% 16
\BOOKMARK [1][-]{section.7}{\376\377\000C\000o\000m\000p\000a\000r\000a\000c\000i\000\363\000n\000\040\000d\000e\000\040\000m\000\351\000t\000o\000d\000o\000s\000\040\000d\000e\000\040\000a\000j\000u\000s\000t\000e}{}% 17
\BOOKMARK [1][-]{section.8}{\376\377\000C\000a\000r\000a\000c\000t\000e\000r\000i\000z\000a\000c\000i\000\363\000n\000\040\000d\000e\000l\000\040\000d\000e\000t\000e\000c\000t\000o\000r\000\040\000c\000o\000n\000\040\0006\0000\000C\000o}{}% 18
\BOOKMARK [2][-]{subsection.8.1}{\376\377\000C\000a\000l\000i\000b\000r\000a\000c\000i\000\363\000n\000\040\000e\000n\000e\000r\000g\000\341\000-\000c\000a\000n\000a\000l}{section.8}% 19
\BOOKMARK [2][-]{subsection.8.2}{\376\377\000P\000i\000c\000o\000\040\000s\000u\000m\000a}{section.8}% 20
\BOOKMARK [2][-]{subsection.8.3}{\376\377\000B\000o\000r\000d\000e\000\040\000C\000o\000m\000p\000t\000o\000n\000\040\000y\000\040\000r\000e\000t\000r\000o\000d\000i\000s\000p\000e\000r\000s\000i\000\363\000n}{section.8}% 21
\BOOKMARK [2][-]{subsection.8.4}{\376\377\000A\000p\000l\000i\000c\000a\000c\000i\000\363\000n\000\040\000a\000\040\000l\000o\000s\000\040\000e\000s\000p\000e\000c\000t\000r\000o\000s\000\040\000d\000e\000\040\000c\000o\000i\000n\000c\000i\000d\000e\000n\000c\000i\000a}{section.8}% 22
\BOOKMARK [1][-]{section.9}{\376\377\000I\000n\000t\000e\000r\000p\000r\000e\000t\000a\000c\000i\000\363\000n\000\040\000f\000\355\000s\000i\000c\000a}{}% 23
\BOOKMARK [2][-]{subsection.9.1}{\376\377\000C\000o\000i\000n\000c\000i\000d\000e\000n\000c\000i\000a\000\040\000r\000e\000a\000l}{section.9}% 24
\BOOKMARK [2][-]{subsection.9.2}{\376\377\000C\000o\000i\000n\000c\000i\000d\000e\000n\000c\000i\000a\000\040\000a\000c\000c\000i\000d\000e\000n\000t\000a\000l}{section.9}% 25
\BOOKMARK [2][-]{subsection.9.3}{\376\377\000G\000e\000o\000m\000e\000t\000r\000\341\000\040\000d\000e\000\040\000d\000e\000t\000e\000c\000c\000i\000\363\000n}{section.9}% 26
\BOOKMARK [1][-]{section.10}{\376\377\000C\000o\000n\000c\000l\000u\000s\000i\000o\000n\000e\000s}{}% 27
